
C:\Users\Celio>mkdir aula08

C:\Users\Celio>cd aula08

C:\Users\Celio\aula08>git init
Initialized empty Git repository in C:/Users/Celio/aula08/.git/

C:\Users\Celio\aula08>npm install touch-cli -g

added 2 packages in 6s

C:\Users\Celio\aula08>touch arquivo.txt
Touching arquivo.txt

C:\Users\Celio\aula08>git add arquivo.txt

C:\Users\Celio\aula08>git status
On branch master

No commits yet

Changes to be committed:
  (use "git rm --cached <file>..." to unstage)
        new file:   arquivo.txt

C:\Users\Celio\aula08>git config --global user.email "celiocvilela70@gmail.com"

C:\Users\Celio\aula08>git config --global user.name "CelioViela"

C:\Users\Celio\aula08>git commit -m "meu primeiro commit"
[master (root-commit) 40bc5e3] meu primeiro commit
 1 file changed, 0 insertions(+), 0 deletions(-)
 create mode 100644 arquivo.txt

C:\Users\Celio\aula08>git branch
* master

C:\Users\Celio\aula08>git status
On branch master
nothing to commit, working tree clean

C:\Users\Celio\aula08>git branch Filha

C:\Users\Celio\aula08>git branch
  Filha
* master

C:\Users\Celio\aula08>git checkout Filha
Switched to branch 'Filha'

C:\Users\Celio\aula08>git branch
* Filha
  master

C:\Users\Celio\aula08>git branch Filha2

C:\Users\Celio\aula08>git branch
* Filha
  Filha2
  master

C:\Users\Celio\aula08>git checkout Filha2
Switched to branch 'Filha2'

C:\Users\Celio\aula08>git branch
  Filha
* Filha2
  master

C:\Users\Celio\aula08>git branch -D Filha
Deleted branch Filha (was 40bc5e3).

C:\Users\Celio\aula08>git branch
* Filha2
  master

C:\Users\Celio\aula08>git checkout master
Switched to branch 'master'

C:\Users\Celio\aula08>git branch Filha

C:\Users\Celio\aula08>git branch
  Filha
  Filha2
* master

C:\Users\Celio\aula08>git status
On branch master
Your branch is up to date with 'origin/master'.

Changes not staged for commit:
  (use "git add <file>..." to update what will be committed)
  (use "git restore <file>..." to discard changes in working directory)
        modified:   arquivo.txt

no changes added to commit (use "git add" and/or "git commit -a")

C:\Users\Celio\aula08>git add .

C:\Users\Celio\aula08>git commit -m "segundo commit"
[master 44d09d2] segundo commit
 1 file changed, 129 insertions(+)

C:\Users\Celio\aula08>git status
On branch master
Your branch is ahead of 'origin/master' by 1 commit.
  (use "git push" to publish your local commits)

nothing to commit, working tree clean

C:\Users\Celio\aula08>git push
Enumerating objects: 5, done.
Counting objects: 100% (5/5), done.
Delta compression using up to 2 threads
Compressing objects: 100% (2/2), done.
Writing objects: 100% (3/3), 1.06 KiB | 155.00 KiB/s, done.
Total 3 (delta 0), reused 0 (delta 0), pack-reused 0 (from 0)
To https://github.com/CelioVilela/aula-08-git-lab
   40bc5e3..44d09d2  master -> master

C:\Users\Celio\aula08>git branch
  Filha
  Filha2
* master

C:\Users\Celio\aula08>